Archive member included to satisfy reference by file (symbol)

D:/Tools_software/GNU Toolchain mingw-w64-i686-arm-none-eabi/bin/../lib/gcc/arm-none-eabi/15.2.1/thumb/v7-m/nofp\libgcc.a(_arm_mulsf3.o)
                              CMakeFiles/bootloader.dir/RTT/SEGGER_RTT_printf.c.obj (__aeabi_fmul)
D:/Tools_software/GNU Toolchain mingw-w64-i686-arm-none-eabi/bin/../lib/gcc/arm-none-eabi/15.2.1/thumb/v7-m/nofp\libgcc.a(_arm_truncdfsf2.o)
                              CMakeFiles/bootloader.dir/RTT/SEGGER_RTT_printf.c.obj (__aeabi_d2f)
D:/Tools_software/GNU Toolchain mingw-w64-i686-arm-none-eabi/bin/../lib/gcc/arm-none-eabi/15.2.1/thumb/v7-m/nofp\libgcc.a(_arm_addsubsf3.o)
                              CMakeFiles/bootloader.dir/RTT/SEGGER_RTT_printf.c.obj (__aeabi_fsub)
D:/Tools_software/GNU Toolchain mingw-w64-i686-arm-none-eabi/bin/../lib/gcc/arm-none-eabi/15.2.1/thumb/v7-m/nofp\libgcc.a(_arm_fixsfsi.o)
                              CMakeFiles/bootloader.dir/RTT/SEGGER_RTT_printf.c.obj (__aeabi_f2iz)
D:/Tools_software/GNU Toolchain mingw-w64-i686-arm-none-eabi/bin/../lib/gcc/arm-none-eabi/15.2.1/../../../../arm-none-eabi/lib/thumb/v7-m/nofp\libg_nano.a(libc_a-exit.o)
                              D:/Tools_software/GNU Toolchain mingw-w64-i686-arm-none-eabi/bin/../lib/gcc/arm-none-eabi/15.2.1/../../../../arm-none-eabi/lib/thumb/v7-m/nofp/crt0.o (exit)
D:/Tools_software/GNU Toolchain mingw-w64-i686-arm-none-eabi/bin/../lib/gcc/arm-none-eabi/15.2.1/../../../../arm-none-eabi/lib/thumb/v7-m/nofp\libg_nano.a(libc_a-findfp.o)
                              D:/Tools_software/GNU Toolchain mingw-w64-i686-arm-none-eabi/bin/../lib/gcc/arm-none-eabi/15.2.1/../../../../arm-none-eabi/lib/thumb/v7-m/nofp\libg_nano.a(libc_a-exit.o) (__stdio_exit_handler)
D:/Tools_software/GNU Toolchain mingw-w64-i686-arm-none-eabi/bin/../lib/gcc/arm-none-eabi/15.2.1/../../../../arm-none-eabi/lib/thumb/v7-m/nofp\libg_nano.a(libc_a-fwalk.o)
                              D:/Tools_software/GNU Toolchain mingw-w64-i686-arm-none-eabi/bin/../lib/gcc/arm-none-eabi/15.2.1/../../../../arm-none-eabi/lib/thumb/v7-m/nofp\libg_nano.a(libc_a-findfp.o) (_fwalk_sglue)
D:/Tools_software/GNU Toolchain mingw-w64-i686-arm-none-eabi/bin/../lib/gcc/arm-none-eabi/15.2.1/../../../../arm-none-eabi/lib/thumb/v7-m/nofp\libg_nano.a(libc_a-stdio.o)
                              D:/Tools_software/GNU Toolchain mingw-w64-i686-arm-none-eabi/bin/../lib/gcc/arm-none-eabi/15.2.1/../../../../arm-none-eabi/lib/thumb/v7-m/nofp\libg_nano.a(libc_a-findfp.o) (__sread)
D:/Tools_software/GNU Toolchain mingw-w64-i686-arm-none-eabi/bin/../lib/gcc/arm-none-eabi/15.2.1/../../../../arm-none-eabi/lib/thumb/v7-m/nofp\libg_nano.a(libc_a-memset.o)
                              D:/Tools_software/GNU Toolchain mingw-w64-i686-arm-none-eabi/bin/../lib/gcc/arm-none-eabi/15.2.1/../../../../arm-none-eabi/lib/thumb/v7-m/nofp/crt0.o (memset)
D:/Tools_software/GNU Toolchain mingw-w64-i686-arm-none-eabi/bin/../lib/gcc/arm-none-eabi/15.2.1/../../../../arm-none-eabi/lib/thumb/v7-m/nofp\libg_nano.a(libc_a-closer.o)
                              D:/Tools_software/GNU Toolchain mingw-w64-i686-arm-none-eabi/bin/../lib/gcc/arm-none-eabi/15.2.1/../../../../arm-none-eabi/lib/thumb/v7-m/nofp\libg_nano.a(libc_a-stdio.o) (_close_r)
D:/Tools_software/GNU Toolchain mingw-w64-i686-arm-none-eabi/bin/../lib/gcc/arm-none-eabi/15.2.1/../../../../arm-none-eabi/lib/thumb/v7-m/nofp\libg_nano.a(libc_a-reent.o)
                              D:/Tools_software/GNU Toolchain mingw-w64-i686-arm-none-eabi/bin/../lib/gcc/arm-none-eabi/15.2.1/../../../../arm-none-eabi/lib/thumb/v7-m/nofp\libg_nano.a(libc_a-closer.o) (errno)
D:/Tools_software/GNU Toolchain mingw-w64-i686-arm-none-eabi/bin/../lib/gcc/arm-none-eabi/15.2.1/../../../../arm-none-eabi/lib/thumb/v7-m/nofp\libg_nano.a(libc_a-impure.o)
                              D:/Tools_software/GNU Toolchain mingw-w64-i686-arm-none-eabi/bin/../lib/gcc/arm-none-eabi/15.2.1/../../../../arm-none-eabi/lib/thumb/v7-m/nofp\libg_nano.a(libc_a-reent.o) (_impure_ptr)
D:/Tools_software/GNU Toolchain mingw-w64-i686-arm-none-eabi/bin/../lib/gcc/arm-none-eabi/15.2.1/../../../../arm-none-eabi/lib/thumb/v7-m/nofp\libg_nano.a(libc_a-lseekr.o)
                              D:/Tools_software/GNU Toolchain mingw-w64-i686-arm-none-eabi/bin/../lib/gcc/arm-none-eabi/15.2.1/../../../../arm-none-eabi/lib/thumb/v7-m/nofp\libg_nano.a(libc_a-stdio.o) (_lseek_r)
D:/Tools_software/GNU Toolchain mingw-w64-i686-arm-none-eabi/bin/../lib/gcc/arm-none-eabi/15.2.1/../../../../arm-none-eabi/lib/thumb/v7-m/nofp\libg_nano.a(libc_a-readr.o)
                              D:/Tools_software/GNU Toolchain mingw-w64-i686-arm-none-eabi/bin/../lib/gcc/arm-none-eabi/15.2.1/../../../../arm-none-eabi/lib/thumb/v7-m/nofp\libg_nano.a(libc_a-stdio.o) (_read_r)
D:/Tools_software/GNU Toolchain mingw-w64-i686-arm-none-eabi/bin/../lib/gcc/arm-none-eabi/15.2.1/../../../../arm-none-eabi/lib/thumb/v7-m/nofp\libg_nano.a(libc_a-writer.o)
[...]
Memory Configuration

Name             Origin             Length             Attributes
RAM              0x20000000         0x00010000         xrw
FLASH            0x08000000         0x00080000         xr
*default*        0x00000000         0xffffffff

Linker script and memory map

LOAD D:/Tools_software/GNU Toolchain mingw-w64-i686-arm-none-eabi/bin/../lib/gcc/arm-none-eabi/15.2.1/thumb/v7-m/nofp/crti.o
LOAD D:/Tools_software/GNU Toolchain mingw-w64-i686-arm-none-eabi/bin/../lib/gcc/arm-none-eabi/15.2.1/thumb/v7-m/nofp/crtbegin.o
LOAD D:/Tools_software/GNU Toolchain mingw-w64-i686-arm-none-eabi/bin/../lib/gcc/arm-none-eabi/15.2.1/../../../../arm-none-eabi/lib/thumb/v7-m/nofp/crt0.o
LOAD CMakeFiles/bootloader.dir/Core/Src/main.c.obj
LOAD CMakeFiles/bootloader.dir/Core/Src/gpio.c.obj
LOAD CMakeFiles/bootloader.dir/Core/Src/spi.c.obj
LOAD CMakeFiles/bootloader.dir/Core/Src/stm32f1xx_it.c.obj
LOAD CMakeFiles/bootloader.dir/Core/Src/stm32f1xx_hal_msp.c.obj
LOAD CMakeFiles/bootloader.dir/Core/Src/sysmem.c.obj
LOAD CMakeFiles/bootloader.dir/Core/Src/syscalls.c.obj
LOAD CMakeFiles/bootloader.dir/startup_stm32f103xe.s.obj
LOAD CMakeFiles/bootloader.dir/user/w25q64/driver_w25q64.c.obj
LOAD CMakeFiles/bootloader.dir/user/bootloader.c.obj
LOAD CMakeFiles/bootloader.dir/RTT/SEGGER_RTT.c.obj
LOAD CMakeFiles/bootloader.dir/RTT/SEGGER_RTT_printf.c.obj
LOAD cmake/stm32cubemx/CMakeFiles/STM32_Drivers.dir/__/__/Core/Src/system_stm32f1xx.c.obj
LOAD cmake/stm32cubemx/CMakeFiles/STM32_Drivers.dir/__/__/Drivers/STM32F1xx_HAL_Driver/Src/stm32f1xx_hal_gpio_ex.c.obj
LOAD cmake/stm32cubemx/CMakeFiles/STM32_Drivers.dir/__/__/Drivers/STM32F1xx_HAL_Driver/Src/stm32f1xx_hal_spi.c.obj
LOAD cmake/stm32cubemx/CMakeFiles/STM32_Drivers.dir/__/__/Drivers/STM32F1xx_HAL_Driver/Src/stm32f1xx_hal.c.obj
LOAD cmake/stm32cubemx/CMakeFiles/STM32_Drivers.dir/__/__/Drivers/STM32F1xx_HAL_Driver/Src/stm32f1xx_hal_rcc.c.obj
LOAD cmake/stm32cubemx/CMakeFiles/STM32_Drivers.dir/__/__/Drivers/STM32F1xx_HAL_Driver/Src/stm32f1xx_hal_rcc_ex.c.obj
LOAD cmake/stm32cubemx/CMakeFiles/STM32_Drivers.dir/__/__/Drivers/STM32F1xx_HAL_Driver/Src/stm32f1xx_hal_gpio.c.obj
LOAD cmake/stm32cubemx/CMakeFiles/STM32_Drivers.dir/__/__/Drivers/STM32F1xx_HAL_Driver/Src/stm32f1xx_hal_dma.c.obj
LOAD cmake/stm32cubemx/CMakeFiles/STM32_Drivers.dir/__/__/Drivers/STM32F1xx_HAL_Driver/Src/stm32f1xx_hal_cortex.c.obj
LOAD cmake/stm32cubemx/CMakeFiles/STM32_Drivers.dir/__/__/Drivers/STM32F1xx_HAL_Driver/Src/stm32f1xx_hal_pwr.c.obj
LOAD cmake/stm32cubemx/CMakeFiles/STM32_Drivers.dir/__/__/Drivers/STM32F1xx_HAL_Driver/Src/stm32f1xx_hal_flash.c.obj
LOAD cmake/stm32cubemx/CMakeFiles/STM32_Drivers.dir/__/__/Drivers/STM32F1xx_HAL_Driver/Src/stm32f1xx_hal_flash_ex.c.obj
LOAD cmake/stm32cubemx/CMakeFiles/STM32_Drivers.dir/__/__/Drivers/STM32F1xx_HAL_Driver/Src/stm32f1xx_hal_exti.c.obj
LOAD D:/Tools_software/GNU Toolchain mingw-w64-i686-arm-none-eabi/bin/../lib/gcc/arm-none-eabi/15.2.1/../../../../arm-none-eabi/lib/thumb/v7-m/nofp\libm.a
START GROUP
LOAD D:/Tools_software/GNU Toolchain mingw-w64-i686-arm-none-eabi/bin/../lib/gcc/arm-none-eabi/15.2.1/thumb/v7-m/nofp\libgcc.a
LOAD D:/Tools_software/GNU Toolchain mingw-w64-i686-arm-none-eabi/bin/../lib/gcc/arm-none-eabi/15.2.1/../../../../arm-none-eabi/lib/thumb/v7-m/nofp\libg_nano.a
LOAD D:/Tools_software/GNU Toolchain mingw-w64-i686-arm-none-eabi/bin/../lib/gcc/arm-none-eabi/15.2.1/../../../../arm-none-eabi/lib/thumb/v7-m/nofp\libc_nano.a
END GROUP
START GROUP
LOAD D:/Tools_software/GNU Toolchain mingw-w64-i686-arm-none-eabi/bin/../lib/gcc/arm-none-eabi/15.2.1/thumb/v7-m/nofp\libgcc.a
LOAD D:/Tools_software/GNU Toolchain mingw-w64-i686-arm-none-eabi/bin/../lib/gcc/arm-none-eabi/15.2.1/../../../../arm-none-eabi/lib/thumb/v7-m/nofp\libc_nano.a
END GROUP
LOAD D:/Tools_software/GNU Toolchain mingw-w64-i686-arm-none-eabi/bin/../lib/gcc/arm-none-eabi/15.2.1/thumb/v7-m/nofp/crtend.o
LOAD D:/Tools_software/GNU Toolchain mingw-w64-i686-arm-none-eabi/bin/../lib/gcc/arm-none-eabi/15.2.1/thumb/v7-m/nofp/crtn.o
                0x20010000                        _estack = (ORIGIN (RAM) + LENGTH (RAM))
                0x2000fc00                        _sstack = (_estack - _Min_Stack_Size)
                0x00000200                        _Min_Heap_Size = 0x200
                0x00000400                        _Min_Stack_Size = 0x400

.isr_vector     0x08000000      0x1e4
                0x08000000                        . = ALIGN (0x4)
 *(.isr_vector)
 .isr_vector    0x08000000      0x1e4 CMakeFiles/bootloader.dir/startup_stm32f103xe.s.obj
                0x08000000                g_pfnVectors
                0x080001e4                        . = ALIGN (0x4)

.text           0x080001e4     0x2aa8
                0x080001e4                        . = ALIGN (0x4)
 *(.text)
 *(.text*)
 .text.deregister_tm_clones
                0x080001e4       0x1c D:/Tools_software/GNU Toolchain mingw-w64-i686-arm-none-eabi/bin/../lib/gcc/arm-none-eabi/15.2.1/thumb/v7-m/nofp/crtbegin.o
 .text.register_tm_clones
                0x08000200       0x24 D:/Tools_software/GNU Toolchain mingw-w64-i686-arm-none-eabi/bin/../lib/gcc/arm-none-eabi/15.2.1/thumb/v7-m/nofp/crtbegin.o
 .text.__do_global_dtors_aux
                0x08000224       0x28 D:/Tools_software/GNU Toolchain mingw-w64-i686-arm-none-eabi/bin/../lib/gcc/arm-none-eabi/15.2.1/thumb/v7-m/nofp/crtbegin.o
 .text.frame_dummy
                0x0800024c       0x24 D:/Tools_software/GNU Toolchain mingw-w64-i686-arm-none-eabi/bin/../lib/gcc/arm-none-eabi/15.2.1/thumb/v7-m/nofp/crtbegin.o
 .text.main     0x08000270       0x1c CMakeFiles/bootloader.dir/Core/Src/main.c.obj
                0x08000270                main
 .text.SystemClock_Config
                0x0800028c       0x8a CMakeFiles/bootloader.dir/Core/Src/main.c.obj
                0x0800028c                SystemClock_Config
 .text.Error_Handler
                0x08000316        0xc CMakeFiles/bootloader.dir/Core/Src/main.c.obj
                0x08000316                Error_Handler
 *fill*         0x08000322        0x2 
 .text.MX_GPIO_Init
                0x08000324       0x64 CMakeFiles/bootloader.dir/Core/Src/gpio.c.obj
                0x08000324                MX_GPIO_Init
 .text.MX_SPI1_Init
                0x08000388       0x6c CMakeFiles/bootloader.dir/Core/Src/spi.c.obj
                0x08000388                MX_SPI1_Init
 .text.HAL_SPI_MspInit
                0x080003f4       0x94 CMakeFiles/bootloader.dir/Core/Src/spi.c.obj
                0x080003f4                HAL_SPI_MspInit
 .text.NMI_Handler
                0x08000488        0x8 CMakeFiles/bootloader.dir/Core/Src/stm32f1xx_it.c.obj
                0x08000488                NMI_Handler
 .text.HardFault_Handler
                0x08000490        0x8 CMakeFiles/bootloader.dir/Core/Src/stm32f1xx_it.c.obj
                0x08000490                HardFault_Handler
 .text.MemManage_Handler
                0x08000498        0x8 CMakeFiles/bootloader.dir/Core/Src/stm32f1xx_it.c.obj
                0x08000498                MemManage_Handler
 .text.BusFault_Handler
                0x080004a0        0x8 CMakeFiles/bootloader.dir/Core/Src/stm32f1xx_it.c.obj
                0x080004a0                BusFault_Handler
 .text.UsageFault_Handler
                0x080004a8        0x8 CMakeFiles/bootloader.dir/Core/Src/stm32f1xx_it.c.obj
                0x080004a8                UsageFault_Handler
 .text.SVC_Handler
                0x080004b0        0xc CMakeFiles/bootloader.dir/Core/Src/stm32f1xx_it.c.obj
                0x080004b0                SVC_Handler
 .text.DebugMon_Handler
                0x080004bc        0xc CMakeFiles/bootloader.dir/Core/Src/stm32f1xx_it.c.obj
                0x080004bc                DebugMon_Handler
 .text.PendSV_Handler
                0x080004c8        0xc CMakeFiles/bootloader.dir/Core/Src/stm32f1xx_it.c.obj
                0x080004c8                PendSV_Handler
 .text.SysTick_Handler
                0x080004d4        0xc CMakeFiles/bootloader.dir/Core/Src/stm32f1xx_it.c.obj
                0x080004d4                SysTick_Handler
 .text.HAL_MspInit
                0x080004e0       0x64 CMakeFiles/bootloader.dir/Core/Src/stm32f1xx_hal_msp.c.obj
                0x080004e0                HAL_MspInit
 .text.Reset_Handler
                0x08000544       0x48 CMakeFiles/bootloader.dir/startup_stm32f103xe.s.obj
                0x08000544                Reset_Handler
 .text.Default_Handler
                0x0800058c        0x2 CMakeFiles/bootloader.dir/startup_stm32f103xe.s.obj
                0x0800058c                RTC_Alarm_IRQHandler
                0x0800058c                EXTI2_IRQHandler
                0x0800058c                TIM8_TRG_COM_IRQHandler
                0x0800058c                TIM8_CC_IRQHandler
                0x0800058c                TIM1_CC_IRQHandler
                0x0800058c                TIM6_IRQHandler
                0x0800058c                PVD_IRQHandler
                0x0800058c                SDIO_IRQHandler
                0x0800058c                EXTI3_IRQHandler
                0x0800058c                EXTI0_IRQHandler
                0x0800058c                I2C2_EV_IRQHandler
                0x0800058c                ADC1_2_IRQHandler
                0x0800058c                SPI1_IRQHandler
                0x0800058c                TAMPER_IRQHandler
                0x0800058c                TIM8_UP_IRQHandler
                0x0800058c                DMA2_Channel2_IRQHandler
                0x0800058c                DMA1_Channel4_IRQHandler
                0x0800058c                USART3_IRQHandler
                0x0800058c                RTC_IRQHandler
                0x0800058c                DMA1_Channel7_IRQHandler
                0x0800058c                CAN1_RX1_IRQHandler
                0x0800058c                UART5_IRQHandler
                0x0800058c                ADC3_IRQHandler
                0x0800058c                TIM4_IRQHandler
                0x0800058c                DMA2_Channel1_IRQHandler
                0x0800058c                I2C1_EV_IRQHandler
                0x0800058c                DMA1_Channel6_IRQHandler
                0x0800058c                UART4_IRQHandler
                0x0800058c                TIM3_IRQHandler
                0x0800058c                RCC_IRQHandler
                0x0800058c                TIM1_TRG_COM_IRQHandler
                0x0800058c                DMA1_Channel1_IRQHandler
                0x0800058c                Default_Handler
                0x0800058c                EXTI15_10_IRQHandler
                0x0800058c                TIM7_IRQHandler
                0x0800058c                TIM5_IRQHandler
                0x0800058c                EXTI9_5_IRQHandler
                0x0800058c                SPI2_IRQHandler
                0x0800058c                DMA1_Channel5_IRQHandler
                0x0800058c                EXTI4_IRQHandler
                0x0800058c                USB_LP_CAN1_RX0_IRQHandler
                0x0800058c                USB_HP_CAN1_TX_IRQHandler
                0x0800058c                DMA1_Channel3_IRQHandler
                0x0800058c                FSMC_IRQHandler
                0x0800058c                TIM1_UP_IRQHandler
                0x0800058c                WWDG_IRQHandler
                0x0800058c                TIM2_IRQHandler
                0x0800058c                TIM1_BRK_IRQHandler
                0x0800058c                EXTI1_IRQHandler
                0x0800058c                DMA2_Channel4_5_IRQHandler
                0x0800058c                USART2_IRQHandler
                0x0800058c                I2C2_ER_IRQHandler
                0x0800058c                DMA1_Channel2_IRQHandler
                0x0800058c                TIM8_BRK_IRQHandler
                0x0800058c                CAN1_SCE_IRQHandler
                0x0800058c                FLASH_IRQHandler
                0x0800058c                USART1_IRQHandler
                0x0800058c                SPI3_IRQHandler
                0x0800058c                I2C1_ER_IRQHandler
                0x0800058c                USBWakeUp_IRQHandler
                0x0800058c                DMA2_Channel3_IRQHandler
 *fill*         0x0800058e        0x2 
 .text.W25Q64_SPI_Write
                0x08000590       0x50 CMakeFiles/bootloader.dir/user/w25q64/driver_w25q64.c.obj
 .text.W25Q64_SPI_WriteThenRead
                0x080005e0       0x6c CMakeFiles/bootloader.dir/user/w25q64/driver_w25q64.c.obj
 .text.BSP_W25Qxx_WriteEnable
                0x0800064c       0x86 CMakeFiles/bootloader.dir/user/w25q64/driver_w25q64.c.obj
                0x0800064c                BSP_W25Qxx_WriteEnable
 .text.BSP_W25Qxx_ReadStatus
                0x080006d2       0x28 CMakeFiles/bootloader.dir/user/w25q64/driver_w25q64.c.obj
 .text.BSP_W25Qxx_Wait_for_Write_End
                0x080006fa       0x78 CMakeFiles/bootloader.dir/user/w25q64/driver_w25q64.c.obj
 .text.BSP_W25Qxx_BufferRead
                0x08000772       0x66 CMakeFiles/bootloader.dir/user/w25q64/driver_w25q64.c.obj
                0x08000772                BSP_W25Qxx_BufferRead
 .text.BSP_W25Qxx_SectorErase
                0x080007d8       0x8c CMakeFiles/bootloader.dir/user/w25q64/driver_w25q64.c.obj
                0x080007d8                BSP_W25Qxx_SectorErase
 .text.BL_CRC32
                0x08000864       0x6c CMakeFiles/bootloader.dir/user/bootloader.c.obj
                0x08000864                BL_CRC32
 .text.get_u32_le
                0x080008d0       0x36 CMakeFiles/bootloader.dir/user/bootloader.c.obj
 *fill*         0x08000906        0x2 
 .text.Bootloader_CheckMeta
                0x08000908       0x88 CMakeFiles/bootloader.dir/user/bootloader.c.obj
                0x08000908                Bootloader_CheckMeta
 .text.Bootloader_VerifyFirmware
                0x08000990      0x14c CMakeFiles/bootloader.dir/user/bootloader.c.obj
                0x08000990                Bootloader_VerifyFirmware
 .text.Bootloader_LoadFirmware
                0x08000adc      0x1b4 CMakeFiles/bootloader.dir/user/bootloader.c.obj
                0x08000adc                Bootloader_LoadFirmware
 .text.Bootloader_InvalidateMeta
                0x08000c90        0xe CMakeFiles/bootloader.dir/user/bootloader.c.obj
                0x08000c90                Bootloader_InvalidateMeta
 *fill*         0x08000c9e        0x2 
 .text.Bootloader_IsAppValid
                0x08000ca0       0x58 CMakeFiles/bootloader.dir/user/bootloader.c.obj
                0x08000ca0                Bootloader_IsAppValid
 .text.Bootloader_JumpToApp
                0x08000cf8       0x74 CMakeFiles/bootloader.dir/user/bootloader.c.obj
                0x08000cf8                Bootloader_JumpToApp
 .text.InternalFlash_Erase
                0x08000d6c       0x70 CMakeFiles/bootloader.dir/user/bootloader.c.obj
                0x08000d6c                InternalFlash_Erase
 .text.InternalFlash_Write
                0x08000ddc       0x78 CMakeFiles/bootloader.dir/user/bootloader.c.obj
                0x08000ddc                InternalFlash_Write
 .text.Bootloader_Run
                0x08000e54       0x8c CMakeFiles/bootloader.dir/user/bootloader.c.obj
                0x08000e54                Bootloader_Run
 .text.SystemInit
                0x08000ee0        0xc cmake/stm32cubemx/CMakeFiles/STM32_Drivers.dir/__/__/Core/Src/system_stm32f1xx.c.obj
                0x08000ee0                SystemInit
 .text.HAL_SPI_Init
                0x08000eec      0x108 cmake/stm32cubemx/CMakeFiles/STM32_Drivers.dir/__/__/Drivers/STM32F1xx_HAL_Driver/Src/stm32f1xx_hal_spi.c.obj
                0x08000eec                HAL_SPI_Init
 .text.HAL_SPI_Transmit
                0x08000ff4      0x288 cmake/stm32cubemx/CMakeFiles/STM32_Drivers.dir/__/__/Drivers/STM32F1xx_HAL_Driver/Src/stm32f1xx_hal_spi.c.obj
                0x08000ff4                HAL_SPI_Transmit
 .text.HAL_SPI_Receive
                0x0800127c      0x232 cmake/stm32cubemx/CMakeFiles/STM32_Drivers.dir/__/__/Drivers/STM32F1xx_HAL_Driver/Src/stm32f1xx_hal_spi.c.obj
                0x0800127c                HAL_SPI_Receive
 .text.HAL_SPI_TransmitReceive
                0x080014ae      0x352 cmake/stm32cubemx/CMakeFiles/STM32_Drivers.dir/__/__/Drivers/STM32F1xx_HAL_Driver/Src/stm32f1xx_hal_spi.c.obj
                0x080014ae                HAL_SPI_TransmitReceive
 .text.SPI_WaitFlagStateUntilTimeout
                0x08001800      0x110 cmake/stm32cubemx/CMakeFiles/STM32_Drivers.dir/__/__/Drivers/STM32F1xx_HAL_Driver/Src/stm32f1xx_hal_spi.c.obj
 .text.SPI_EndRxTransaction
                0x08001910       0xa4 cmake/stm32cubemx/CMakeFiles/STM32_Drivers.dir/__/__/Drivers/STM32F1xx_HAL_Driver/Src/stm32f1xx_hal_spi.c.obj
 .text.SPI_EndRxTxTransaction
                0x080019b4       0x62 cmake/stm32cubemx/CMakeFiles/STM32_Drivers.dir/__/__/Drivers/STM32F1xx_HAL_Driver/Src/stm32f1xx_hal_spi.c.obj
 *fill*         0x08001a16        0x2 
 .text.HAL_Init
                0x08001a18       0x2c cmake/stm32cubemx/CMakeFiles/STM32_Drivers.dir/__/__/Drivers/STM32F1xx_HAL_Driver/Src/stm32f1xx_hal.c.obj
                0x08001a18                HAL_Init
 .text.HAL_DeInit
                0x08001a44       0x30 cmake/stm32cubemx/CMakeFiles/STM32_Drivers.dir/__/__/Drivers/STM32F1xx_HAL_Driver/Src/stm32f1xx_hal.c.obj
                0x08001a44                HAL_DeInit
 .text.HAL_MspDeInit
                0x08001a74        0xc cmake/stm32cubemx/CMakeFiles/STM32_Drivers.dir/__/__/Drivers/STM32F1xx_HAL_Driver/Src/stm32f1xx_hal.c.obj
                0x08001a74                HAL_MspDeInit
 .text.HAL_InitTick
                0x08001a80       0x60 cmake/stm32cubemx/CMakeFiles/STM32_Drivers.dir/__/__/Drivers/STM32F1xx_HAL_Driver/Src/stm32f1xx_hal.c.obj
                0x08001a80                HAL_InitTick
 .text.HAL_IncTick
                0x08001ae0       0x24 cmake/stm32cubemx/CMakeFiles/STM32_Drivers.dir/__/__/Drivers/STM32F1xx_HAL_Driver/Src/stm32f1xx_hal.c.obj
                0x08001ae0                HAL_IncTick
 .text.HAL_GetTick
                0x08001b04       0x14 cmake/stm32cubemx/CMakeFiles/STM32_Drivers.dir/__/__/Drivers/STM32F1xx_HAL_Driver/Src/stm32f1xx_hal.c.obj
                0x08001b04                HAL_GetTick
 .text.HAL_Delay
                0x08001b18       0x48 cmake/stm32cubemx/CMakeFiles/STM32_Drivers.dir/__/__/Drivers/STM32F1xx_HAL_Driver/Src/stm32f1xx_hal.c.obj
                0x08001b18                HAL_Delay
 .text.HAL_RCC_OscConfig
                0x08001b60      0x504 cmake/stm32cubemx/CMakeFiles/STM32_Drivers.dir/__/__/Drivers/STM32F1xx_HAL_Driver/Src/stm32f1xx_hal_rcc.c.obj
                0x08001b60                HAL_RCC_OscConfig
 .text.HAL_RCC_ClockConfig
                0x08002064      0x1d4 cmake/stm32cubemx/CMakeFiles/STM32_Drivers.dir/__/__/Drivers/STM32F1xx_HAL_Driver/Src/stm32f1xx_hal_rcc.c.obj
                0x08002064                HAL_RCC_ClockConfig
 .text.HAL_RCC_GetSysClockFreq
                0x08002238       0xa8 cmake/stm32cubemx/CMakeFiles/STM32_Drivers.dir/__/__/Drivers/STM32F1xx_HAL_Driver/Src/stm32f1xx_hal_rcc.c.obj
                0x08002238                HAL_RCC_GetSysClockFreq
 .text.RCC_Delay
                0x080022e0       0x3c cmake/stm32cubemx/CMakeFiles/STM32_Drivers.dir/__/__/Drivers/STM32F1xx_HAL_Driver/Src/stm32f1xx_hal_rcc.c.obj
 .text.HAL_GPIO_Init
                0x0800231c      0x2fc cmake/stm32cubemx/CMakeFiles/STM32_Drivers.dir/__/__/Drivers/STM32F1xx_HAL_Driver/Src/stm32f1xx_hal_gpio.c.obj
                0x0800231c                HAL_GPIO_Init
 .text.HAL_GPIO_WritePin
                0x08002618       0x30 cmake/stm32cubemx/CMakeFiles/STM32_Drivers.dir/__/__/Drivers/STM32F1xx_HAL_Driver/Src/stm32f1xx_hal_gpio.c.obj
                0x08002618                HAL_GPIO_WritePin
 .text.__NVIC_SetPriorityGrouping
                0x08002648       0x48 cmake/stm32cubemx/CMakeFiles/STM32_Drivers.dir/__/__/Drivers/STM32F1xx_HAL_Driver/Src/stm32f1xx_hal_cortex.c.obj
 .text.__NVIC_GetPriorityGrouping
                0x08002690       0x1c cmake/stm32cubemx/CMakeFiles/STM32_Drivers.dir/__/__/Drivers/STM32F1xx_HAL_Driver/Src/stm32f1xx_hal_cortex.c.obj
 .text.__NVIC_SetPriority
                0x080026ac       0x54 cmake/stm32cubemx/CMakeFiles/STM32_Drivers.dir/__/__/Drivers/STM32F1xx_HAL_Driver/Src/stm32f1xx_hal_cortex.c.obj
 .text.NVIC_EncodePriority
                0x08002700       0x6e cmake/stm32cubemx/CMakeFiles/STM32_Drivers.dir/__/__/Drivers/STM32F1xx_HAL_Driver/Src/stm32f1xx_hal_cortex.c.obj
 *fill*         0x0800276e        0x2 
 .text.SysTick_Config
                0x08002770       0x44 cmake/stm32cubemx/CMakeFiles/STM32_Drivers.dir/__/__/Drivers/STM32F1xx_HAL_Driver/Src/stm32f1xx_hal_cortex.c.obj
 .text.HAL_NVIC_SetPriorityGrouping
                0x080027b4       0x16 cmake/stm32cubemx/CMakeFiles/STM32_Drivers.dir/__/__/Drivers/STM32F1xx_HAL_Driver/Src/stm32f1xx_hal_cortex.c.obj
                0x080027b4                HAL_NVIC_SetPriorityGrouping
 .text.HAL_NVIC_SetPriority
                0x080027ca       0x38 cmake/stm32cubemx/CMakeFiles/STM32_Drivers.dir/__/__/Drivers/STM32F1xx_HAL_Driver/Src/stm32f1xx_hal_cortex.c.obj
                0x080027ca                HAL_NVIC_SetPriority
 .text.HAL_SYSTICK_Config
                0x08002802       0x18 cmake/stm32cubemx/CMakeFiles/STM32_Drivers.dir/__/__/Drivers/STM32F1xx_HAL_Driver/Src/stm32f1xx_hal_cortex.c.obj
                0x08002802                HAL_SYSTICK_Config
 *fill*         0x0800281a        0x2 
 .text.HAL_FLASH_Program
                0x0800281c       0xe0 cmake/stm32cubemx/CMakeFiles/STM32_Drivers.dir/__/__/Drivers/STM32F1xx_HAL_Driver/Src/stm32f1xx_hal_flash.c.obj
                0x0800281c                HAL_FLASH_Program
 .text.HAL_FLASH_Unlock
                0x080028fc       0x4c cmake/stm32cubemx/CMakeFiles/STM32_Drivers.dir/__/__/Drivers/STM32F1xx_HAL_Driver/Src/stm32f1xx_hal_flash.c.obj
                0x080028fc                HAL_FLASH_Unlock
 .text.HAL_FLASH_Lock
                0x08002948       0x20 cmake/stm32cubemx/CMakeFiles/STM32_Drivers.dir/__/__/Drivers/STM32F1xx_HAL_Driver/Src/stm32f1xx_hal_flash.c.obj
                0x08002948                HAL_FLASH_Lock
 .text.FLASH_Program_HalfWord
                0x08002968       0x38 cmake/stm32cubemx/CMakeFiles/STM32_Drivers.dir/__/__/Drivers/STM32F1xx_HAL_Driver/Src/stm32f1xx_hal_flash.c.obj
 .text.FLASH_WaitForLastOperation
                0x080029a0       0x8c cmake/stm32cubemx/CMakeFiles/STM32_Drivers.dir/__/__/Drivers/STM32F1xx_HAL_Driver/Src/stm32f1xx_hal_flash.c.obj
                0x080029a0                FLASH_WaitForLastOperation
 .text.FLASH_SetErrorCode
                0x08002a2c       0xa0 cmake/stm32cubemx/CMakeFiles/STM32_Drivers.dir/__/__/Drivers/STM32F1xx_HAL_Driver/Src/stm32f1xx_hal_flash.c.obj
 .text.HAL_FLASHEx_Erase
                0x08002acc       0xd8 cmake/stm32cubemx/CMakeFiles/STM32_Drivers.dir/__/__/Drivers/STM32F1xx_HAL_Driver/Src/stm32f1xx_hal_flash_ex.c.obj
                0x08002acc                HAL_FLASHEx_Erase
 .text.FLASH_MassErase
                0x08002ba4       0x38 cmake/stm32cubemx/CMakeFiles/STM32_Drivers.dir/__/__/Drivers/STM32F1xx_HAL_Driver/Src/stm32f1xx_hal_flash_ex.c.obj
 .text.FLASH_PageErase
                0x08002bdc       0x40 cmake/stm32cubemx/CMakeFiles/STM32_Drivers.dir/__/__/Drivers/STM32F1xx_HAL_Driver/Src/stm32f1xx_hal_flash_ex.c.obj
                0x08002bdc                FLASH_PageErase
 .text.memset   0x08002c1c       0x10 D:/Tools_software/GNU Toolchain mingw-w64-i686-arm-none-eabi/bin/../lib/gcc/arm-none-eabi/15.2.1/../../../../arm-none-eabi/lib/thumb/v7-m/nofp\libg_nano.a(libc_a-memset.o)
                0x08002c1c                memset
 .text.__libc_init_array
                0x08002c2c       0x48 D:/Tools_software/GNU Toolchain mingw-w64-i686-arm-none-eabi/bin/../lib/gcc/arm-none-eabi/15.2.1/../../../../arm-none-eabi/lib/thumb/v7-m/nofp\libg_nano.a(libc_a-init.o)
                0x08002c2c                __libc_init_array
 *(.glue_7)
 .glue_7        0x08002c74        0x0 linker stubs
 *(.glue_7t)
 .glue_7t       0x08002c74        0x0 linker stubs
 *(.eh_frame)
 .eh_frame      0x08002c74        0x0 D:/Tools_software/GNU Toolchain mingw-w64-i686-arm-none-eabi/bin/../lib/gcc/arm-none-eabi/15.2.1/thumb/v7-m/nofp/crtbegin.o
 *(.init)
 .init          0x08002c74        0x4 D:/Tools_software/GNU Toolchain mingw-w64-i686-arm-none-eabi/bin/../lib/gcc/arm-none-eabi/15.2.1/thumb/v7-m/nofp/crti.o
                0x08002c74                _init
 .init          0x08002c78        0x8 D:/Tools_software/GNU Toolchain mingw-w64-i686-arm-none-eabi/bin/../lib/gcc/arm-none-eabi/15.2.1/thumb/v7-m/nofp/crtn.o
 *(.fini)
 .fini          0x08002c80        0x4 D:/Tools_software/GNU Toolchain mingw-w64-i686-arm-none-eabi/bin/../lib/gcc/arm-none-eabi/15.2.1/thumb/v7-m/nofp/crti.o
                0x08002c80                _fini
 .fini          0x08002c84        0x8 D:/Tools_software/GNU Toolchain mingw-w64-i686-arm-none-eabi/bin/../lib/gcc/arm-none-eabi/15.2.1/thumb/v7-m/nofp/crtn.o
                0x08002c8c                        . = ALIGN (0x4)
                0x08002c8c                        _etext = .

.vfp11_veneer   0x08002c8c        0x0
 .vfp11_veneer  0x08002c8c        0x0 linker stubs

.v4_bx          0x08002c8c        0x0
 .v4_bx         0x08002c8c        0x0 linker stubs

.iplt           0x08002c8c        0x0
 .iplt          0x08002c8c        0x0 D:/Tools_software/GNU Toolchain mingw-w64-i686-arm-none-eabi/bin/../lib/gcc/arm-none-eabi/15.2.1/thumb/v7-m/nofp/crtbegin.o

.rodata         0x08002c8c       0x24
                0x08002c8c                        . = ALIGN (0x4)
 *(.rodata)
 *(.rodata*)
 .rodata.AHBPrescTable
                0x08002c8c       0x10 cmake/stm32cubemx/CMakeFiles/STM32_Drivers.dir/__/__/Core/Src/system_stm32f1xx.c.obj
                0x08002c8c                AHBPrescTable
 .rodata.aPLLMULFactorTable.1
                0x08002c9c       0x10 cmake/stm32cubemx/CMakeFiles/STM32_Drivers.dir/__/__/Drivers/STM32F1xx_HAL_Driver/Src/stm32f1xx_hal_rcc.c.obj
 .rodata.aPredivFactorTable.0
                0x08002cac        0x2 cmake/stm32cubemx/CMakeFiles/STM32_Drivers.dir/__/__/Drivers/STM32F1xx_HAL_Driver/Src/stm32f1xx_hal_rcc.c.obj
                0x08002cb0                        . = ALIGN (0x4)
 *fill*         0x08002cae        0x2 

.ARM.extab      0x08002cb0        0x0
                0x08002cb0                        . = ALIGN (0x4)
 *(.ARM.extab* .gnu.linkonce.armextab.*)
                0x08002cb0                        . = ALIGN (0x4)

.ARM            0x08002cb0        0x0
                0x08002cb0                        . = ALIGN (0x4)
                0x08002cb0                        __exidx_start = .
 *(.ARM.exidx*)
                0x08002cb0                        __exidx_end = .
                0x08002cb0                        . = ALIGN (0x4)

.preinit_array  0x08002cb0        0x0
                0x08002cb0                        . = ALIGN (0x4)
                0x08002cb0                        PROVIDE (__preinit_array_start = .)
 *(.preinit_array*)
                0x08002cb0                        PROVIDE (__preinit_array_end = .)
                0x08002cb0                        . = ALIGN (0x4)

.init_array     0x08002cb0        0x4
                0x08002cb0                        . = ALIGN (0x4)
                0x08002cb0                        PROVIDE (__init_array_start = .)
 *(SORT_BY_NAME(.init_array.*))
 *(.init_array*)
 .init_array    0x08002cb0        0x4 D:/Tools_software/GNU Toolchain mingw-w64-i686-arm-none-eabi/bin/../lib/gcc/arm-none-eabi/15.2.1/thumb/v7-m/nofp/crtbegin.o
                0x08002cb4                        PROVIDE (__init_array_end = .)
                0x08002cb4                        . = ALIGN (0x4)

.fini_array     0x08002cb4        0x4
                0x08002cb4                        . = ALIGN (0x4)
                [!provide]                        PROVIDE (__fini_array_start = .)
 *(SORT_BY_NAME(.fini_array.*))
 *(.fini_array*)
 .fini_array    0x08002cb4        0x4 D:/Tools_software/GNU Toolchain mingw-w64-i686-arm-none-eabi/bin/../lib/gcc/arm-none-eabi/15.2.1/thumb/v7-m/nofp/crtbegin.o
                [!provide]                        PROVIDE (__fini_array_end = .)
                0x08002cb8                        . = ALIGN (0x4)
                0x08002cb8                        _sidata = LOADADDR (.data)

.rel.dyn        0x08002cb8        0x0
 .rel.iplt      0x08002cb8        0x0 D:/Tools_software/GNU Toolchain mingw-w64-i686-arm-none-eabi/bin/../lib/gcc/arm-none-eabi/15.2.1/thumb/v7-m/nofp/crtbegin.o

.data           0x20000000        0xc load address 0x08002cb8
                0x20000000                        . = ALIGN (0x4)
                0x20000000                        _sdata = .
 *(.data)
 *(.data*)
 .data.SystemCoreClock
                0x20000000        0x4 cmake/stm32cubemx/CMakeFiles/STM32_Drivers.dir/__/__/Core/Src/system_stm32f1xx.c.obj
                0x20000000                SystemCoreClock
 .data.uwTickPrio
                0x20000004        0x4 cmake/stm32cubemx/CMakeFiles/STM32_Drivers.dir/__/__/Drivers/STM32F1xx_HAL_Driver/Src/stm32f1xx_hal.c.obj
                0x20000004                uwTickPrio
 .data.uwTickFreq
                0x20000008        0x1 cmake/stm32cubemx/CMakeFiles/STM32_Drivers.dir/__/__/Drivers/STM32F1xx_HAL_Driver/Src/stm32f1xx_hal.c.obj
                0x20000008                uwTickFreq
 *(.RamFunc)
 *(.RamFunc*)
                0x2000000c                        . = ALIGN (0x4)
 *fill*         0x20000009        0x3 

.tm_clone_table
                0x2000000c        0x0 load address 0x08002cc4
 .tm_clone_table
                0x2000000c        0x0 D:/Tools_software/GNU Toolchain mingw-w64-i686-arm-none-eabi/bin/../lib/gcc/arm-none-eabi/15.2.1/thumb/v7-m/nofp/crtbegin.o
 .tm_clone_table
                0x2000000c        0x0 D:/Tools_software/GNU Toolchain mingw-w64-i686-arm-none-eabi/bin/../lib/gcc/arm-none-eabi/15.2.1/thumb/v7-m/nofp/crtend.o

.igot.plt       0x2000000c        0x0 load address 0x08002cc4
 .igot.plt      0x2000000c        0x0 D:/Tools_software/GNU Toolchain mingw-w64-i686-arm-none-eabi/bin/../lib/gcc/arm-none-eabi/15.2.1/thumb/v7-m/nofp/crtbegin.o

.tdata          0x2000000c        0x0 load address 0x08002cc4
 *(.tdata .tdata.* .gnu.linkonce.td.*)
                0x2000000c                        . = ALIGN (0x4)
                0x2000000c                        _edata = .
                [!provide]                        PROVIDE (__data_end = .)
                [!provide]                        PROVIDE (__tdata_end = .)
                [!provide]                        PROVIDE (__tdata_start = ADDR (.tdata))
                [!provide]                        PROVIDE (__tdata_size = (__tdata_end - __tdata_start))
                [!provide]                        PROVIDE (__data_start = ADDR (.data))
                [!provide]                        PROVIDE (__data_size = (__data_end - __data_start))
                [!provide]                        PROVIDE (__tdata_source = LOADADDR (.tdata))
                [!provide]                        PROVIDE (__tdata_source_end = (LOADADDR (.tdata) + SIZEOF (.tdata)))
                [!provide]                        PROVIDE (__tdata_source_size = (__tdata_source_end - __tdata_source))
                [!provide]                        PROVIDE (__data_source = LOADADDR (.data))
                [!provide]                        PROVIDE (__data_source_end = __tdata_source_end)
                [!provide]                        PROVIDE (__data_source_size = (__data_source_end - __data_source))

.tbss           0x2000000c        0x0 load address 0x08002cc4
                0x2000000c                        _sbss = .
                0x2000000c                        __bss_start__ = _sbss
 *(.tbss .tbss.*)
                0x2000000c                        . = ALIGN (0x4)
                [!provide]                        PROVIDE (__tbss_end = .)
                [!provide]                        PROVIDE (__tbss_start = ADDR (.tbss))
                [!provide]                        PROVIDE (__tbss_size = (__tbss_end - __tbss_start))
                [!provide]                        PROVIDE (__tbss_offset = (ADDR (.tbss) - ADDR (.tdata)))
                [!provide]                        PROVIDE (__tls_base = __tdata_start)
                [!provide]                        PROVIDE (__tls_end = __tbss_end)
                [!provide]                        PROVIDE (__tls_size = (__tls_end - __tls_base))
                [!provide]                        PROVIDE (__tls_align = MAX (ALIGNOF (.tdata), ALIGNOF (.tbss)))
                [!provide]                        PROVIDE (__tls_size_align = (((__tls_size + __tls_align) - 0x1) & ~ ((__tls_align - 0x1))))
                [!provide]                        PROVIDE (__arm32_tls_tcb_offset = MAX (0x8, __tls_align))
                [!provide]                        PROVIDE (__arm64_tls_tcb_offset = MAX (0x10, __tls_align))

.bss            0x20000010       0x98 load address 0x08002cc4
 *(.bss)
 *(.bss*)
 .bss.completed.1
                0x20000010        0x1 D:/Tools_software/GNU Toolchain mingw-w64-i686-arm-none-eabi/bin/../lib/gcc/arm-none-eabi/15.2.1/thumb/v7-m/nofp/crtbegin.o
 *fill*         0x20000011        0x3 
 .bss.object.0  0x20000014       0x18 D:/Tools_software/GNU Toolchain mingw-w64-i686-arm-none-eabi/bin/../lib/gcc/arm-none-eabi/15.2.1/thumb/v7-m/nofp/crtbegin.o
 .bss.hspi1     0x2000002c       0x58 CMakeFiles/bootloader.dir/Core/Src/spi.c.obj
                0x2000002c                hspi1
 .bss.uwTick    0x20000084        0x4 cmake/stm32cubemx/CMakeFiles/STM32_Drivers.dir/__/__/Drivers/STM32F1xx_HAL_Driver/Src/stm32f1xx_hal.c.obj
                0x20000084                uwTick
 .bss.pFlash    0x20000088       0x20 cmake/stm32cubemx/CMakeFiles/STM32_Drivers.dir/__/__/Drivers/STM32F1xx_HAL_Driver/Src/stm32f1xx_hal_flash.c.obj
                0x20000088                pFlash
 *(COMMON)
                0x200000a8                        . = ALIGN (0x4)
                0x200000a8                        _ebss = .
                0x200000a8                        __bss_end__ = _ebss
                [!provide]                        PROVIDE (__bss_end = .)
                [!provide]                        PROVIDE (__non_tls_bss_start = ADDR (.bss))
                [!provide]                        PROVIDE (__bss_start = __tbss_start)
                [!provide]                        PROVIDE (__bss_size = (__bss_end - __bss_start))

._user_heap_stack
                0x200000a8      0x600 load address 0x08002cc4
                0x200000a8                        . = ALIGN (0x8)
                [!provide]                        PROVIDE (end = .)
                0x200000a8                        PROVIDE (_end = .)
                0x200002a8                        . = (. + _Min_Heap_Size)
 *fill*         0x200000a8      0x200 
                0x200006a8                        . = (. + _Min_Stack_Size)
 *fill*         0x200002a8      0x400 
                0x200006a8                        . = ALIGN (0x8)

/DISCARD/
 libc.a:*(*)
 libm.a:*(*)
 libgcc.a:*(*)
OUTPUT(bootloader.elf elf32-littlearm)
LOAD linker stubs

.ARM.attributes
                0x00000000       0x29
 .ARM.attributes
                0x00000000       0x1d D:/Tools_software/GNU Toolchain mingw-w64-i686-arm-none-eabi/bin/../lib/gcc/arm-none-eabi/15.2.1/thumb/v7-m/nofp/crti.o
 .ARM.attributes
                0x0000001d       0x2d D:/Tools_software/GNU Toolchain mingw-w64-i686-arm-none-eabi/bin/../lib/gcc/arm-none-eabi/15.2.1/thumb/v7-m/nofp/crtbegin.o
 .ARM.attributes
                0x0000004a       0x2d CMakeFiles/bootloader.dir/Core/Src/main.c.obj
 .ARM.attributes
                0x00000077       0x2d CMakeFiles/bootloader.dir/Core/Src/gpio.c.obj
 .ARM.attributes
                0x000000a4       0x2d CMakeFiles/bootloader.dir/Core/Src/spi.c.obj
 .ARM.attributes
                0x000000d1       0x2d CMakeFiles/bootloader.dir/Core/Src/stm32f1xx_it.c.obj
 .ARM.attributes
                0x000000fe       0x2d CMakeFiles/bootloader.dir/Core/Src/stm32f1xx_hal_msp.c.obj
 .ARM.attributes
                0x0000012b       0x21 CMakeFiles/bootloader.dir/startup_stm32f103xe.s.obj
 .ARM.attributes
                0x0000014c       0x2d CMakeFiles/bootloader.dir/user/w25q64/driver_w25q64.c.obj
 .ARM.attributes
                0x00000179       0x2d CMakeFiles/bootloader.dir/user/bootloader.c.obj
 .ARM.attributes
                0x000001a6       0x2d cmake/stm32cubemx/CMakeFiles/STM32_Drivers.dir/__/__/Core/Src/system_stm32f1xx.c.obj
 .ARM.attributes
                0x000001d3       0x2d cmake/stm32cubemx/CMakeFiles/STM32_Drivers.dir/__/__/Drivers/STM32F1xx_HAL_Driver/Src/stm32f1xx_hal_spi.c.obj
 .ARM.attributes
                0x00000200       0x2d cmake/stm32cubemx/CMakeFiles/STM32_Drivers.dir/__/__/Drivers/STM32F1xx_HAL_Driver/Src/stm32f1xx_hal.c.obj
 .ARM.attributes
                0x0000022d       0x2d cmake/stm32cubemx/CMakeFiles/STM32_Drivers.dir/__/__/Drivers/STM32F1xx_HAL_Driver/Src/stm32f1xx_hal_rcc.c.obj
 .ARM.attributes
                0x0000025a       0x2d cmake/stm32cubemx/CMakeFiles/STM32_Drivers.dir/__/__/Drivers/STM32F1xx_HAL_Driver/Src/stm32f1xx_hal_gpio.c.obj
 .ARM.attributes
                0x00000287       0x2d cmake/stm32cubemx/CMakeFiles/STM32_Drivers.dir/__/__/Drivers/STM32F1xx_HAL_Driver/Src/stm32f1xx_hal_cortex.c.obj
 .ARM.attributes
                0x000002b4       0x2d cmake/stm32cubemx/CMakeFiles/STM32_Drivers.dir/__/__/Drivers/STM32F1xx_HAL_Driver/Src/stm32f1xx_hal_flash.c.obj
 .ARM.attributes
                0x000002e1       0x2d cmake/stm32cubemx/CMakeFiles/STM32_Drivers.dir/__/__/Drivers/STM32F1xx_HAL_Driver/Src/stm32f1xx_hal_flash_ex.c.obj
 .ARM.attributes
                0x0000030e       0x2d D:/Tools_software/GNU Toolchain mingw-w64-i686-arm-none-eabi/bin/../lib/gcc/arm-none-eabi/15.2.1/../../../../arm-none-eabi/lib/thumb/v7-m/nofp\libg_nano.a(libc_a-memset.o)
 .ARM.attributes
                0x0000033b       0x2d D:/Tools_software/GNU Toolchain mingw-w64-i686-arm-none-eabi/bin/../lib/gcc/arm-none-eabi/15.2.1/../../../../arm-none-eabi/lib/thumb/v7-m/nofp\libg_nano.a(libc_a-init.o)
 .ARM.attributes
                0x00000368       0x2d D:/Tools_software/GNU Toolchain mingw-w64-i686-arm-none-eabi/bin/../lib/gcc/arm-none-eabi/15.2.1/thumb/v7-m/nofp/crtend.o
 .ARM.attributes
                0x00000395       0x1d D:/Tools_software/GNU Toolchain mingw-w64-i686-arm-none-eabi/bin/../lib/gcc/arm-none-eabi/15.2.1/thumb/v7-m/nofp/crtn.o

.comment        0x00000000       0x45
 .comment       0x00000000       0x45 CMakeFiles/bootloader.dir/Core/Src/main.c.obj
                                 0x46 (size before relaxing)
 .comment       0x00000045        0x0 CMakeFiles/bootloader.dir/Core/Src/gpio.c.obj
                                 0x46 (size before relaxing)
 .comment       0x00000045        0x0 CMakeFiles/bootloader.dir/Core/Src/spi.c.obj
                                 0x46 (size before relaxing)
 .comment       0x00000045        0x0 CMakeFiles/bootloader.dir/Core/Src/stm32f1xx_it.c.obj
                                 0x46 (size before relaxing)
 .comment       0x00000045        0x0 CMakeFiles/bootloader.dir/Core/Src/stm32f1xx_hal_msp.c.obj
                                 0x46 (size before relaxing)
 .comment       0x00000045        0x0 CMakeFiles/bootloader.dir/user/w25q64/driver_w25q64.c.obj
                                 0x46 (size before relaxing)
 .comment       0x00000045        0x0 CMakeFiles/bootloader.dir/user/bootloader.c.obj
                                 0x46 (size before relaxing)
 .comment       0x00000045        0x0 cmake/stm32cubemx/CMakeFiles/STM32_Drivers.dir/__/__/Core/Src/system_stm32f1xx.c.obj
                                 0x46 (size before relaxing)
 .comment       0x00000045        0x0 cmake/stm32cubemx/CMakeFiles/STM32_Drivers.dir/__/__/Drivers/STM32F1xx_HAL_Driver/Src/stm32f1xx_hal_spi.c.obj
                                 0x46 (size before relaxing)
 .comment       0x00000045        0x0 cmake/stm32cubemx/CMakeFiles/STM32_Drivers.dir/__/__/Drivers/STM32F1xx_HAL_Driver/Src/stm32f1xx_hal.c.obj
                                 0x46 (size before relaxing)
 .comment       0x00000045        0x0 cmake/stm32cubemx/CMakeFiles/STM32_Drivers.dir/__/__/Drivers/STM32F1xx_HAL_Driver/Src/stm32f1xx_hal_rcc.c.obj
                                 0x46 (size before relaxing)
 .comment       0x00000045        0x0 cmake/stm32cubemx/CMakeFiles/STM32_Drivers.dir/__/__/Drivers/STM32F1xx_HAL_Driver/Src/stm32f1xx_hal_gpio.c.obj
                                 0x46 (size before relaxing)
 .comment       0x00000045        0x0 cmake/stm32cubemx/CMakeFiles/STM32_Drivers.dir/__/__/Drivers/STM32F1xx_HAL_Driver/Src/stm32f1xx_hal_cortex.c.obj
                                 0x46 (size before relaxing)
 .comment       0x00000045        0x0 cmake/stm32cubemx/CMakeFiles/STM32_Drivers.dir/__/__/Drivers/STM32F1xx_HAL_Driver/Src/stm32f1xx_hal_flash.c.obj
                                 0x46 (size before relaxing)
 .comment       0x00000045        0x0 cmake/stm32cubemx/CMakeFiles/STM32_Drivers.dir/__/__/Drivers/STM32F1xx_HAL_Driver/Src/stm32f1xx_hal_flash_ex.c.obj
                                 0x46 (size before relaxing)

.debug_info     0x00000000     0x6818
 .debug_info    0x00000000      0x297 CMakeFiles/bootloader.dir/Core/Src/main.c.obj
 .debug_info    0x00000297      0x27f CMakeFiles/bootloader.dir/Core/Src/gpio.c.obj
 .debug_info    0x00000516      0x7c8 CMakeFiles/bootloader.dir/Core/Src/spi.c.obj
 .debug_info    0x00000cde      0x113 CMakeFiles/bootloader.dir/Core/Src/stm32f1xx_it.c.obj
 .debug_info    0x00000df1      0x1f1 CMakeFiles/bootloader.dir/Core/Src/stm32f1xx_hal_msp.c.obj
 .debug_info    0x00000fe2       0x30 CMakeFiles/bootloader.dir/startup_stm32f103xe.s.obj
 .debug_info    0x00001012      0xb34 CMakeFiles/bootloader.dir/user/w25q64/driver_w25q64.c.obj
 .debug_info    0x00001b46      0xa31 CMakeFiles/bootloader.dir/user/bootloader.c.obj
 .debug_info    0x00002577      0x222 cmake/stm32cubemx/CMakeFiles/STM32_Drivers.dir/__/__/Core/Src/system_stm32f1xx.c.obj
 .debug_info    0x00002799     0x1439 cmake/stm32cubemx/CMakeFiles/STM32_Drivers.dir/__/__/Drivers/STM32F1xx_HAL_Driver/Src/stm32f1xx_hal_spi.c.obj
 .debug_info    0x00003bd2      0x76a cmake/stm32cubemx/CMakeFiles/STM32_Drivers.dir/__/__/Drivers/STM32F1xx_HAL_Driver/Src/stm32f1xx_hal.c.obj
 .debug_info    0x0000433c      0x7d5 cmake/stm32cubemx/CMakeFiles/STM32_Drivers.dir/__/__/Drivers/STM32F1xx_HAL_Driver/Src/stm32f1xx_hal_rcc.c.obj
 .debug_info    0x00004b11      0x5ab cmake/stm32cubemx/CMakeFiles/STM32_Drivers.dir/__/__/Drivers/STM32F1xx_HAL_Driver/Src/stm32f1xx_hal_gpio.c.obj
 .debug_info    0x000050bc      0xaed cmake/stm32cubemx/CMakeFiles/STM32_Drivers.dir/__/__/Drivers/STM32F1xx_HAL_Driver/Src/stm32f1xx_hal_cortex.c.obj
 .debug_info    0x00005ba9      0x4f8 cmake/stm32cubemx/CMakeFiles/STM32_Drivers.dir/__/__/Drivers/STM32F1xx_HAL_Driver/Src/stm32f1xx_hal_flash.c.obj
 .debug_info    0x000060a1      0x777 cmake/stm32cubemx/CMakeFiles/STM32_Drivers.dir/__/__/Drivers/STM32F1xx_HAL_Driver/Src/stm32f1xx_hal_flash_ex.c.obj

.debug_abbrev   0x00000000     0x1d84
 .debug_abbrev  0x00000000      0x172 CMakeFiles/bootloader.dir/Core/Src/main.c.obj
 .debug_abbrev  0x00000172      0x134 CMakeFiles/bootloader.dir/Core/Src/gpio.c.obj
 .debug_abbrev  0x000002a6      0x1e7 CMakeFiles/bootloader.dir/Core/Src/spi.c.obj
 .debug_abbrev  0x0000048d       0x73 CMakeFiles/bootloader.dir/Core/Src/stm32f1xx_it.c.obj
 .debug_abbrev  0x00000500       0xdb CMakeFiles/bootloader.dir/Core/Src/stm32f1xx_hal_msp.c.obj
 .debug_abbrev  0x000005db       0x24 CMakeFiles/bootloader.dir/startup_stm32f103xe.s.obj
 .debug_abbrev  0x000005ff      0x28d CMakeFiles/bootloader.dir/user/w25q64/driver_w25q64.c.obj
 .debug_abbrev  0x0000088c      0x332 CMakeFiles/bootloader.dir/user/bootloader.c.obj
 .debug_abbrev  0x00000bbe      0x13f cmake/stm32cubemx/CMakeFiles/STM32_Drivers.dir/__/__/Core/Src/system_stm32f1xx.c.obj
 .debug_abbrev  0x00000cfd      0x27a cmake/stm32cubemx/CMakeFiles/STM32_Drivers.dir/__/__/Drivers/STM32F1xx_HAL_Driver/Src/stm32f1xx_hal_spi.c.obj
 .debug_abbrev  0x00000f77      0x201 cmake/stm32cubemx/CMakeFiles/STM32_Drivers.dir/__/__/Drivers/STM32F1xx_HAL_Driver/Src/stm32f1xx_hal.c.obj
 .debug_abbrev  0x00001178      0x2b3 cmake/stm32cubemx/CMakeFiles/STM32_Drivers.dir/__/__/Drivers/STM32F1xx_HAL_Driver/Src/stm32f1xx_hal_rcc.c.obj
 .debug_abbrev  0x0000142b      0x1ca cmake/stm32cubemx/CMakeFiles/STM32_Drivers.dir/__/__/Drivers/STM32F1xx_HAL_Driver/Src/stm32f1xx_hal_gpio.c.obj
 .debug_abbrev  0x000015f5      0x2f8 cmake/stm32cubemx/CMakeFiles/STM32_Drivers.dir/__/__/Drivers/STM32F1xx_HAL_Driver/Src/stm32f1xx_hal_cortex.c.obj
 .debug_abbrev  0x000018ed      0x250 cmake/stm32cubemx/CMakeFiles/STM32_Drivers.dir/__/__/Drivers/STM32F1xx_HAL_Driver/Src/stm32f1xx_hal_flash.c.obj
 .debug_abbrev  0x00001b3d      0x247 cmake/stm32cubemx/CMakeFiles/STM32_Drivers.dir/__/__/Drivers/STM32F1xx_HAL_Driver/Src/stm32f1xx_hal_flash_ex.c.obj

.debug_aranges  0x00000000      0x7f8
 .debug_aranges
                0x00000000       0x30 CMakeFiles/bootloader.dir/Core/Src/main.c.obj
 .debug_aranges
                0x00000030       0x20 CMakeFiles/bootloader.dir/Core/Src/gpio.c.obj
 .debug_aranges
                0x00000050       0x30 CMakeFiles/bootloader.dir/Core/Src/spi.c.obj
 .debug_aranges
                0x00000080       0x60 CMakeFiles/bootloader.dir/Core/Src/stm32f1xx_it.c.obj
 .debug_aranges
                0x000000e0       0x20 CMakeFiles/bootloader.dir/Core/Src/stm32f1xx_hal_msp.c.obj
 .debug_aranges
                0x00000100       0x28 CMakeFiles/bootloader.dir/startup_stm32f103xe.s.obj
 .debug_aranges
                0x00000128       0x78 CMakeFiles/bootloader.dir/user/w25q64/driver_w25q64.c.obj
 .debug_aranges
                0x000001a0       0x78 CMakeFiles/bootloader.dir/user/bootloader.c.obj
 .debug_aranges
                0x00000218       0x28 cmake/stm32cubemx/CMakeFiles/STM32_Drivers.dir/__/__/Core/Src/system_stm32f1xx.c.obj
 .debug_aranges
                0x00000240      0x1d0 cmake/stm32cubemx/CMakeFiles/STM32_Drivers.dir/__/__/Drivers/STM32F1xx_HAL_Driver/Src/stm32f1xx_hal_spi.c.obj
 .debug_aranges
                0x00000410       0xe0 cmake/stm32cubemx/CMakeFiles/STM32_Drivers.dir/__/__/Drivers/STM32F1xx_HAL_Driver/Src/stm32f1xx_hal.c.obj
 .debug_aranges
                0x000004f0       0x90 cmake/stm32cubemx/CMakeFiles/STM32_Drivers.dir/__/__/Drivers/STM32F1xx_HAL_Driver/Src/stm32f1xx_hal_rcc.c.obj
 .debug_aranges
                0x00000580       0x58 cmake/stm32cubemx/CMakeFiles/STM32_Drivers.dir/__/__/Drivers/STM32F1xx_HAL_Driver/Src/stm32f1xx_hal_gpio.c.obj
 .debug_aranges
                0x000005d8      0x100 cmake/stm32cubemx/CMakeFiles/STM32_Drivers.dir/__/__/Drivers/STM32F1xx_HAL_Driver/Src/stm32f1xx_hal_cortex.c.obj
 .debug_aranges
                0x000006d8       0x88 cmake/stm32cubemx/CMakeFiles/STM32_Drivers.dir/__/__/Drivers/STM32F1xx_HAL_Driver/Src/stm32f1xx_hal_flash.c.obj
 .debug_aranges
                0x00000760       0x98 cmake/stm32cubemx/CMakeFiles/STM32_Drivers.dir/__/__/Drivers/STM32F1xx_HAL_Driver/Src/stm32f1xx_hal_flash_ex.c.obj

.debug_rnglists
                0x00000000      0x5df
 .debug_rnglists
                0x00000000       0x20 CMakeFiles/bootloader.dir/Core/Src/main.c.obj
 .debug_rnglists
                0x00000020       0x13 CMakeFiles/bootloader.dir/Core/Src/gpio.c.obj
 .debug_rnglists
                0x00000033       0x20 CMakeFiles/bootloader.dir/Core/Src/spi.c.obj
 .debug_rnglists
                0x00000053       0x43 CMakeFiles/bootloader.dir/Core/Src/stm32f1xx_it.c.obj
 .debug_rnglists
                0x00000096       0x13 CMakeFiles/bootloader.dir/Core/Src/stm32f1xx_hal_msp.c.obj
 .debug_rnglists
                0x000000a9       0x19 CMakeFiles/bootloader.dir/startup_stm32f103xe.s.obj
 .debug_rnglists
                0x000000c2       0x5a CMakeFiles/bootloader.dir/user/w25q64/driver_w25q64.c.obj
 .debug_rnglists
                0x0000011c       0x59 CMakeFiles/bootloader.dir/user/bootloader.c.obj
 .debug_rnglists
                0x00000175       0x1a cmake/stm32cubemx/CMakeFiles/STM32_Drivers.dir/__/__/Core/Src/system_stm32f1xx.c.obj
 .debug_rnglists
                0x0000018f      0x16e cmake/stm32cubemx/CMakeFiles/STM32_Drivers.dir/__/__/Drivers/STM32F1xx_HAL_Driver/Src/stm32f1xx_hal_spi.c.obj
 .debug_rnglists
                0x000002fd       0xa3 cmake/stm32cubemx/CMakeFiles/STM32_Drivers.dir/__/__/Drivers/STM32F1xx_HAL_Driver/Src/stm32f1xx_hal.c.obj
 .debug_rnglists
                0x000003a0       0x6c cmake/stm32cubemx/CMakeFiles/STM32_Drivers.dir/__/__/Drivers/STM32F1xx_HAL_Driver/Src/stm32f1xx_hal_rcc.c.obj
 .debug_rnglists
                0x0000040c       0x3f cmake/stm32cubemx/CMakeFiles/STM32_Drivers.dir/__/__/Drivers/STM32F1xx_HAL_Driver/Src/stm32f1xx_hal_gpio.c.obj
 .debug_rnglists
                0x0000044b       0xbb cmake/stm32cubemx/CMakeFiles/STM32_Drivers.dir/__/__/Drivers/STM32F1xx_HAL_Driver/Src/stm32f1xx_hal_cortex.c.obj
 .debug_rnglists
                0x00000506       0x66 cmake/stm32cubemx/CMakeFiles/STM32_Drivers.dir/__/__/Drivers/STM32F1xx_HAL_Driver/Src/stm32f1xx_hal_flash.c.obj
 .debug_rnglists
                0x0000056c       0x73 cmake/stm32cubemx/CMakeFiles/STM32_Drivers.dir/__/__/Drivers/STM32F1xx_HAL_Driver/Src/stm32f1xx_hal_flash_ex.c.obj

.debug_macro    0x00000000    0x18cd1
 .debug_macro   0x00000000      0x1d1 CMakeFiles/bootloader.dir/Core/Src/main.c.obj
 .debug_macro   0x000001d1      0xade CMakeFiles/bootloader.dir/Core/Src/main.c.obj
 .debug_macro   0x00000caf      0x215 CMakeFiles/bootloader.dir/Core/Src/main.c.obj
 .debug_macro   0x00000ec4       0x2e CMakeFiles/bootloader.dir/Core/Src/main.c.obj
 .debug_macro   0x00000ef2       0x22 CMakeFiles/bootloader.dir/Core/Src/main.c.obj
 .debug_macro   0x00000f14       0x22 CMakeFiles/bootloader.dir/Core/Src/main.c.obj
 .debug_macro   0x00000f36       0x8e CMakeFiles/bootloader.dir/Core/Src/main.c.obj
 .debug_macro   0x00000fc4       0x51 CMakeFiles/bootloader.dir/Core/Src/main.c.obj
 .debug_macro   0x00001015      0x103 CMakeFiles/bootloader.dir/Core/Src/main.c.obj
 .debug_macro   0x00001118       0x6a CMakeFiles/bootloader.dir/Core/Src/main.c.obj
 .debug_macro   0x00001182      0x1df CMakeFiles/bootloader.dir/Core/Src/main.c.obj
 .debug_macro   0x00001361       0x1c CMakeFiles/bootloader.dir/Core/Src/main.c.obj
 .debug_macro   0x0000137d       0x22 CMakeFiles/bootloader.dir/Core/Src/main.c.obj
 .debug_macro   0x0000139f       0xbd CMakeFiles/bootloader.dir/Core/Src/main.c.obj
 .debug_macro   0x0000145c      0xd23 CMakeFiles/bootloader.dir/Core/Src/main.c.obj
 .debug_macro   0x0000217f     0xfd8c CMakeFiles/bootloader.dir/Core/Src/main.c.obj
 .debug_macro   0x00011f0b       0x6d CMakeFiles/bootloader.dir/Core/Src/main.c.obj
 .debug_macro   0x00011f78     0x34a2 CMakeFiles/bootloader.dir/Core/Src/main.c.obj
 .debug_macro   0x0001541a      0x190 CMakeFiles/bootloader.dir/Core/Src/main.c.obj
 .debug_macro   0x000155aa       0x5c CMakeFiles/bootloader.dir/Core/Src/main.c.obj
 .debug_macro   0x00015606      0x5bc CMakeFiles/bootloader.dir/Core/Src/main.c.obj
 .debug_macro   0x00015bc2      0x4d5 CMakeFiles/bootloader.dir/Core/Src/main.c.obj
 .debug_macro   0x00016097      0x1cb CMakeFiles/bootloader.dir/Core/Src/main.c.obj
 .debug_macro   0x00016262      0x114 CMakeFiles/bootloader.dir/Core/Src/main.c.obj
 .debug_macro   0x00016376      0x1ea CMakeFiles/bootloader.dir/Core/Src/main.c.obj
 .debug_macro   0x00016560       0x27 CMakeFiles/bootloader.dir/Core/Src/main.c.obj
 .debug_macro   0x00016587      0x144 CMakeFiles/bootloader.dir/Core/Src/main.c.obj
 .debug_macro   0x000166cb      0x1bc CMakeFiles/bootloader.dir/Core/Src/main.c.obj
 .debug_macro   0x00016887       0x30 CMakeFiles/bootloader.dir/Core/Src/main.c.obj
 .debug_macro   0x000168b7       0x3c CMakeFiles/bootloader.dir/Core/Src/main.c.obj
 .debug_macro   0x000168f3       0x57 CMakeFiles/bootloader.dir/Core/Src/main.c.obj
 .debug_macro   0x0001694a       0x87 CMakeFiles/bootloader.dir/Core/Src/main.c.obj
 .debug_macro   0x000169d1      0x24f CMakeFiles/bootloader.dir/Core/Src/main.c.obj
 .debug_macro   0x00016c20      0x140 CMakeFiles/bootloader.dir/Core/Src/main.c.obj
 .debug_macro   0x00016d60      0x217 CMakeFiles/bootloader.dir/Core/Src/main.c.obj
 .debug_macro   0x00016f77       0xb5 CMakeFiles/bootloader.dir/Core/Src/main.c.obj
 .debug_macro   0x0001702c       0x10 CMakeFiles/bootloader.dir/Core/Src/main.c.obj
 .debug_macro   0x0001703c       0x22 CMakeFiles/bootloader.dir/Core/Src/main.c.obj
 .debug_macro   0x0001705e       0x40 CMakeFiles/bootloader.dir/Core/Src/main.c.obj
 .debug_macro   0x0001709e      0x1a7 CMakeFiles/bootloader.dir/Core/Src/gpio.c.obj
 .debug_macro   0x00017245      0x1a7 CMakeFiles/bootloader.dir/Core/Src/spi.c.obj
 .debug_macro   0x000173ec      0x1a7 CMakeFiles/bootloader.dir/Core/Src/stm32f1xx_it.c.obj
 .debug_macro   0x00017593      0x19d CMakeFiles/bootloader.dir/Core/Src/stm32f1xx_hal_msp.c.obj
 .debug_macro   0x00017730      0x2a7 CMakeFiles/bootloader.dir/user/w25q64/driver_w25q64.c.obj
 .debug_macro   0x000179d7       0x58 CMakeFiles/bootloader.dir/user/w25q64/driver_w25q64.c.obj
 .debug_macro   0x00017a2f       0x7b CMakeFiles/bootloader.dir/user/w25q64/driver_w25q64.c.obj
 .debug_macro   0x00017aaa       0x10 CMakeFiles/bootloader.dir/user/w25q64/driver_w25q64.c.obj
 .debug_macro   0x00017aba      0x2de CMakeFiles/bootloader.dir/user/bootloader.c.obj
 .debug_macro   0x00017d98       0x49 CMakeFiles/bootloader.dir/user/bootloader.c.obj
 .debug_macro   0x00017de1       0x35 CMakeFiles/bootloader.dir/user/bootloader.c.obj
 .debug_macro   0x00017e16       0x58 CMakeFiles/bootloader.dir/user/bootloader.c.obj
 .debug_macro   0x00017e6e      0x138 CMakeFiles/bootloader.dir/user/bootloader.c.obj
 .debug_macro   0x00017fa6      0x18e cmake/stm32cubemx/CMakeFiles/STM32_Drivers.dir/__/__/Core/Src/system_stm32f1xx.c.obj
 .debug_macro   0x00018134      0x196 cmake/stm32cubemx/CMakeFiles/STM32_Drivers.dir/__/__/Drivers/STM32F1xx_HAL_Driver/Src/stm32f1xx_hal_spi.c.obj
 .debug_macro   0x000182ca      0x1b2 cmake/stm32cubemx/CMakeFiles/STM32_Drivers.dir/__/__/Drivers/STM32F1xx_HAL_Driver/Src/stm32f1xx_hal.c.obj
 .debug_macro   0x0001847c      0x1a0 cmake/stm32cubemx/CMakeFiles/STM32_Drivers.dir/__/__/Drivers/STM32F1xx_HAL_Driver/Src/stm32f1xx_hal_rcc.c.obj
 .debug_macro   0x0001861c      0x1f9 cmake/stm32cubemx/CMakeFiles/STM32_Drivers.dir/__/__/Drivers/STM32F1xx_HAL_Driver/Src/stm32f1xx_hal_gpio.c.obj
 .debug_macro   0x00018815      0x18e cmake/stm32cubemx/CMakeFiles/STM32_Drivers.dir/__/__/Drivers/STM32F1xx_HAL_Driver/Src/stm32f1xx_hal_cortex.c.obj
 .debug_macro   0x000189a3      0x18e cmake/stm32cubemx/CMakeFiles/STM32_Drivers.dir/__/__/Drivers/STM32F1xx_HAL_Driver/Src/stm32f1xx_hal_flash.c.obj
 .debug_macro   0x00018b31      0x1a0 cmake/stm32cubemx/CMakeFiles/STM32_Drivers.dir/__/__/Drivers/STM32F1xx_HAL_Driver/Src/stm32f1xx_hal_flash_ex.c.obj

.debug_line     0x00000000     0x9a18
 .debug_line    0x00000000      0x71c CMakeFiles/bootloader.dir/Core/Src/main.c.obj
 .debug_line    0x0000071c      0x638 CMakeFiles/bootloader.dir/Core/Src/gpio.c.obj
 .debug_line    0x00000d54      0x6a7 CMakeFiles/bootloader.dir/Core/Src/spi.c.obj
 .debug_line    0x000013fb      0x6da CMakeFiles/bootloader.dir/Core/Src/stm32f1xx_it.c.obj
 .debug_line    0x00001ad5      0x62c CMakeFiles/bootloader.dir/Core/Src/stm32f1xx_hal_msp.c.obj
 .debug_line    0x00002101       0x79 CMakeFiles/bootloader.dir/startup_stm32f103xe.s.obj
 .debug_line    0x0000217a      0xb88 CMakeFiles/bootloader.dir/user/w25q64/driver_w25q64.c.obj
 .debug_line    0x00002d02      0xc5b CMakeFiles/bootloader.dir/user/bootloader.c.obj
 .debug_line    0x0000395d      0x6aa cmake/stm32cubemx/CMakeFiles/STM32_Drivers.dir/__/__/Core/Src/system_stm32f1xx.c.obj
 .debug_line    0x00004007     0x1b72 cmake/stm32cubemx/CMakeFiles/STM32_Drivers.dir/__/__/Drivers/STM32F1xx_HAL_Driver/Src/stm32f1xx_hal_spi.c.obj
 .debug_line    0x00005b79      0x8de cmake/stm32cubemx/CMakeFiles/STM32_Drivers.dir/__/__/Drivers/STM32F1xx_HAL_Driver/Src/stm32f1xx_hal.c.obj
 .debug_line    0x00006457      0xd94 cmake/stm32cubemx/CMakeFiles/STM32_Drivers.dir/__/__/Drivers/STM32F1xx_HAL_Driver/Src/stm32f1xx_hal_rcc.c.obj
 .debug_line    0x000071eb      0x93d cmake/stm32cubemx/CMakeFiles/STM32_Drivers.dir/__/__/Drivers/STM32F1xx_HAL_Driver/Src/stm32f1xx_hal_gpio.c.obj
 .debug_line    0x00007b28      0xab7 cmake/stm32cubemx/CMakeFiles/STM32_Drivers.dir/__/__/Drivers/STM32F1xx_HAL_Driver/Src/stm32f1xx_hal_cortex.c.obj
 .debug_line    0x000085df      0x995 cmake/stm32cubemx/CMakeFiles/STM32_Drivers.dir/__/__/Drivers/STM32F1xx_HAL_Driver/Src/stm32f1xx_hal_flash.c.obj
 .debug_line    0x00008f74      0xaa4 cmake/stm32cubemx/CMakeFiles/STM32_Drivers.dir/__/__/Drivers/STM32F1xx_HAL_Driver/Src/stm32f1xx_hal_flash_ex.c.obj

.debug_str      0x00000000    0x90710
 .debug_str     0x00000000    0x90710 CMakeFiles/bootloader.dir/Core/Src/main.c.obj
                              0x8a8b1 (size before relaxing)
 .debug_str     0x00090710        0x0 CMakeFiles/bootloader.dir/Core/Src/gpio.c.obj
                              0x8a693 (size before relaxing)
 .debug_str     0x00090710        0x0 CMakeFiles/bootloader.dir/Core/Src/spi.c.obj
                              0x8aaaa (size before relaxing)
 .debug_str     0x00090710        0x0 CMakeFiles/bootloader.dir/Core/Src/stm32f1xx_it.c.obj
                              0x8a630 (size before relaxing)
 .debug_str     0x00090710        0x0 CMakeFiles/bootloader.dir/Core/Src/stm32f1xx_hal_msp.c.obj
                              0x8a61b (size before relaxing)
 .debug_str     0x00090710        0x0 CMakeFiles/bootloader.dir/startup_stm32f103xe.s.obj
                                 0xb4 (size before relaxing)
 .debug_str     0x00090710        0x0 CMakeFiles/bootloader.dir/user/w25q64/driver_w25q64.c.obj
                              0x8da7a (size before relaxing)
 .debug_str     0x00090710        0x0 CMakeFiles/bootloader.dir/user/bootloader.c.obj
                              0x8e491 (size before relaxing)
 .debug_str     0x00090710        0x0 cmake/stm32cubemx/CMakeFiles/STM32_Drivers.dir/__/__/Core/Src/system_stm32f1xx.c.obj
                              0x8a613 (size before relaxing)
 .debug_str     0x00090710        0x0 cmake/stm32cubemx/CMakeFiles/STM32_Drivers.dir/__/__/Drivers/STM32F1xx_HAL_Driver/Src/stm32f1xx_hal_spi.c.obj
                              0x8af3f (size before relaxing)
 .debug_str     0x00090710        0x0 cmake/stm32cubemx/CMakeFiles/STM32_Drivers.dir/__/__/Drivers/STM32F1xx_HAL_Driver/Src/stm32f1xx_hal.c.obj
                              0x8ae2a (size before relaxing)
 .debug_str     0x00090710        0x0 cmake/stm32cubemx/CMakeFiles/STM32_Drivers.dir/__/__/Drivers/STM32F1xx_HAL_Driver/Src/stm32f1xx_hal_rcc.c.obj
                              0x8aa42 (size before relaxing)
 .debug_str     0x00090710        0x0 cmake/stm32cubemx/CMakeFiles/STM32_Drivers.dir/__/__/Drivers/STM32F1xx_HAL_Driver/Src/stm32f1xx_hal_gpio.c.obj
                              0x8a999 (size before relaxing)
 .debug_str     0x00090710        0x0 cmake/stm32cubemx/CMakeFiles/STM32_Drivers.dir/__/__/Drivers/STM32F1xx_HAL_Driver/Src/stm32f1xx_hal_cortex.c.obj
                              0x8ad76 (size before relaxing)
 .debug_str     0x00090710        0x0 cmake/stm32cubemx/CMakeFiles/STM32_Drivers.dir/__/__/Drivers/STM32F1xx_HAL_Driver/Src/stm32f1xx_hal_flash.c.obj
                              0x8a8ee (size before relaxing)
 .debug_str     0x00090710        0x0 cmake/stm32cubemx/CMakeFiles/STM32_Drivers.dir/__/__/Drivers/STM32F1xx_HAL_Driver/Src/stm32f1xx_hal_flash_ex.c.obj
                              0x8aa9c (size before relaxing)

.debug_frame    0x00000000     0x1dcc
 .debug_frame   0x00000000       0x68 CMakeFiles/bootloader.dir/Core/Src/main.c.obj
 .debug_frame   0x00000068       0x34 CMakeFiles/bootloader.dir/Core/Src/gpio.c.obj
 .debug_frame   0x0000009c       0x74 CMakeFiles/bootloader.dir/Core/Src/spi.c.obj
 .debug_frame   0x00000110      0x104 CMakeFiles/bootloader.dir/Core/Src/stm32f1xx_it.c.obj
 .debug_frame   0x00000214       0x38 CMakeFiles/bootloader.dir/Core/Src/stm32f1xx_hal_msp.c.obj
 .debug_frame   0x0000024c      0x1c4 CMakeFiles/bootloader.dir/user/w25q64/driver_w25q64.c.obj
 .debug_frame   0x00000410      0x1d0 CMakeFiles/bootloader.dir/user/bootloader.c.obj
 .debug_frame   0x000005e0       0x58 cmake/stm32cubemx/CMakeFiles/STM32_Drivers.dir/__/__/Core/Src/system_stm32f1xx.c.obj
 .debug_frame   0x00000638      0x824 cmake/stm32cubemx/CMakeFiles/STM32_Drivers.dir/__/__/Drivers/STM32F1xx_HAL_Driver/Src/stm32f1xx_hal_spi.c.obj
 .debug_frame   0x00000e5c      0x334 cmake/stm32cubemx/CMakeFiles/STM32_Drivers.dir/__/__/Drivers/STM32F1xx_HAL_Driver/Src/stm32f1xx_hal.c.obj
 .debug_frame   0x00001190      0x218 cmake/stm32cubemx/CMakeFiles/STM32_Drivers.dir/__/__/Drivers/STM32F1xx_HAL_Driver/Src/stm32f1xx_hal_rcc.c.obj
 .debug_frame   0x000013a8      0x14c cmake/stm32cubemx/CMakeFiles/STM32_Drivers.dir/__/__/Drivers/STM32F1xx_HAL_Driver/Src/stm32f1xx_hal_gpio.c.obj
 .debug_frame   0x000014f4      0x428 cmake/stm32cubemx/CMakeFiles/STM32_Drivers.dir/__/__/Drivers/STM32F1xx_HAL_Driver/Src/stm32f1xx_hal_cortex.c.obj
 .debug_frame   0x0000191c      0x20c cmake/stm32cubemx/CMakeFiles/STM32_Drivers.dir/__/__/Drivers/STM32F1xx_HAL_Driver/Src/stm32f1xx_hal_flash.c.obj
 .debug_frame   0x00001b28      0x258 cmake/stm32cubemx/CMakeFiles/STM32_Drivers.dir/__/__/Drivers/STM32F1xx_HAL_Driver/Src/stm32f1xx_hal_flash_ex.c.obj
 .debug_frame   0x00001d80       0x20 D:/Tools_software/GNU Toolchain mingw-w64-i686-arm-none-eabi/bin/../lib/gcc/arm-none-eabi/15.2.1/../../../../arm-none-eabi/lib/thumb/v7-m/nofp\libg_nano.a(libc_a-memset.o)
 .debug_frame   0x00001da0       0x2c D:/Tools_software/GNU Toolchain mingw-w64-i686-arm-none-eabi/bin/../lib/gcc/arm-none-eabi/15.2.1/../../../../arm-none-eabi/lib/thumb/v7-m/nofp\libg_nano.a(libc_a-init.o)

.debug_line_str
                0x00000000       0x98
 .debug_line_str
                0x00000000       0x98 CMakeFiles/bootloader.dir/startup_stm32f103xe.s.obj
